[harmony-ai.app/index.html]
[backblue.gif]
[fade.gif]
[index.html]
[cdn.jsdelivr.net/npm/swiper@10/swiper-bundle.min.js]
[harmony-ai.app/assets/plugins/jquery-3.6.0.js]
[harmony-ai.app/assets/plugins/aos.js]
[harmony-ai.app/assets/js/header.js]
[harmony-ai.app/assets/js/aos-init.js]
[cdn.jsdelivr.net/npm/fullcalendar@6.1.8/index.global.min.js]
[harmony-ai.app/ai.html]
[harmony-ai.app/security.html]
[harmony-ai.app/pricing.html]
[harmony-ai.app/contact.html]
[harmony-ai.app/download.html]
[harmony-ai.app/blog.html]
[harmony-ai.app/customers.html]
[harmony-ai.app/assets/videos/home/main.mp4]
[harmony-ai.app/assets/img/home/video-system.webp]
[harmony-ai.app/assets/img/home/ai.webp]
[harmony-ai.app/assets/img/home/embed-video.webp]
[harmony-ai.app/assets/img/home/prebuilt.webp]
[harmony-ai.app/assets/img/home/dev.webp]
[harmony-ai.app/assets/img/home/second.webp]
[harmony-ai.app/assets/img/home/third.webp]
[harmony-ai.app/assets/img/home/fourth.webp]
[harmony-ai.app/assets/img/home/blog1.webp]
[harmony-ai.app/assets/img/home/blog2.webp]
[harmony-ai.app/assets/img/home/blog3.webp]
[harmony-ai.app/assets/js/burger.js]
[harmony-ai.app/assets/js/set-hight.js]
[harmony-ai.app/assets/js/faq.js]
[harmony-ai.app/assets/js/create-call.js]
[harmony-ai.app/assets/js/slider.js]
[harmony-ai.app/index.html]
[harmony-ai.app/assets/img/main/favicon.svg]
[harmony-ai.app/assets/css/plugins/slider.css]
[harmony-ai.app/assets/css/main.css]
[harmony-ai.app/assets/css/slider-home.css]
[harmony-ai.app/assets/plugins/aos.css]
[harmony-ai.app/assets/img/ai/pipecat.webp]
[harmony-ai.app/assets/img/ai/story.webp]
[harmony-ai.app/assets/img/ai/highlight.webp]
[harmony-ai.app/assets/img/ai/note.webp]
[harmony-ai.app/ai.html]
[harmony-ai.app/assets/img/main/arrow-header.svg]
[harmony-ai.app/assets/img/main/logo-header.svg]
[harmony-ai.app/assets/videos/security/security.mp4]
[harmony-ai.app/assets/img/security/res1.webp]
[harmony-ai.app/assets/img/security/res2.webp]
[harmony-ai.app/assets/img/security/res3.webp]
[harmony-ai.app/assets/image/index/popup-clock.svg]
[harmony-ai.app/assets/image/index/popup-phone.svg]
[harmony-ai.app/assets/image/index/popup-link.svg]
[harmony-ai.app/security.html]
[harmony-ai.app/assets/js/table.js]
[harmony-ai.app/pricing.html]
[harmony-ai.app/contact.html]
[harmony-ai.app/main.jpg]
[harmony-ai.app/assets/js/download.js]
[harmony-ai.app/download.html]
[harmony-ai.app/assets/img/blog/1.webp]
[harmony-ai.app/assets/img/blog/creator1.webp]
[harmony-ai.app/assets/img/blog/2.webp]
[harmony-ai.app/assets/img/blog/creator2.webp]
[harmony-ai.app/assets/img/blog/3.webp]
[harmony-ai.app/assets/img/blog/4.webp]
[harmony-ai.app/assets/img/blog/5.webp]
[harmony-ai.app/assets/img/blog/6.webp]
[harmony-ai.app/assets/img/blog/7.webp]
[harmony-ai.app/assets/img/blog/8.webp]
[harmony-ai.app/assets/img/blog/miniblog/1.webp]
[harmony-ai.app/assets/img/blog/miniblog/2.webp]
[harmony-ai.app/assets/img/blog/miniblog/3.webp]
[harmony-ai.app/assets/img/blog/miniblog/4.webp]
[harmony-ai.app/assets/img/blog/miniblog/5.webp]
[harmony-ai.app/assets/img/blog/miniblog/6.webp]
[harmony-ai.app/blog.html]
[harmony-ai.app/assets/videos/customers/customer4.mp4]
[harmony-ai.app/assets/videos/customers/customer2.mp4]
[harmony-ai.app/assets/videos/customers/customer3.mp4]
[harmony-ai.app/assets/videos/customers/customer1.mp4]
[harmony-ai.app/assets/js/slidercustomers.js]
[harmony-ai.app/customers.html]
[harmony-ai.app/assets/img/home/line1.svg]
[harmony-ai.app/assets/img/home/blue-dot.svg]
[harmony-ai.app/assets/img/home/line2.svg]
[harmony-ai.app/assets/img/home/line3.svg]
[harmony-ai.app/assets/img/main/footer-logo.svg]
[harmony-ai.app/assets/css/normalise.css]
[harmony-ai.app/assets/css/call.css]
[harmony-ai.app/assets/css/pages/all.css]
[harmony-ai.app/assets/img/ai/bg-start-ai.png]
[harmony-ai.app/assets/css/pages/ai.css]
[harmony-ai.app/assets/css/pages/blog.css]
[harmony-ai.app/assets/css/pages/contact.css]
[harmony-ai.app/assets/css/pages/customers.css]
[harmony-ai.app/assets/css/pages/home.css]
[harmony-ai.app/assets/css/pages/pricing.css]
[harmony-ai.app/assets/css/pages/security.css]
[harmony-ai.app/assets/css/pages/download.css]
[harmony-ai.app/assets/css/pages/adapt.css]
[harmony-ai.app/assets/img/ai/arrow-right-black.svg]
[harmony-ai.app/assets/img/ai/magic-stick.svg]
[harmony-ai.app/assets/img/ai/mini-arrow.svg]
[harmony-ai.app/assets/img/ai/white-arrow.svg]
[harmony-ai.app/assets/img/security/svg-abs-secur.svg]
[harmony-ai.app/assets/img/home/logo-pop.svg]
[harmony-ai.app/assets/image/index/popup-clock.html]
[harmony-ai.app/assets/image/index/popup-phone.html]
[harmony-ai.app/assets/image/index/popup-link.html]
[harmony-ai.app/assets/img/pricing/arrow-adv.svg]
[harmony-ai.app/assets/img/pricing/perc-adv.svg]
[harmony-ai.app/assets/img/pricing/shield-adv.svg]
[harmony-ai.app/assets/img/pricing/diamond-adv.svg]
[harmony-ai.app/assets/img/pricing/rocket-adv.svg]
[harmony-ai.app/assets/img/pricing/list-adv.svg]
[harmony-ai.app/assets/img/pricing/harm-table.svg]
[harmony-ai.app/assets/img/pricing/twilio-table.svg]
[harmony-ai.app/assets/img/pricing/zoom-table.svg]
[harmony-ai.app/assets/img/pricing/check.svg]
[harmony-ai.app/assets/img/pricing/cross.svg]
[harmony-ai.app/assets/img/pricing/blue-arrow.svg]
[harmony-ai.app/assets/css/slider-customers.css]
[harmony-ai.app/assets/img/ai/bg-re-bot.svg]
[harmony-ai.app/assets/img/contact/contact-bg.svg]
[harmony-ai.app/assets/img/home/start-bg.svg]
[harmony-ai.app/assets/img/pricing/dot-mark.svg]
[harmony-ai.app/assets/img/pricing/bg-wide.svg]
[harmony-ai.app/assets/img/pricing/dot-marks-black.svg]
[harmony-ai.app/assets/img/pricing/bg-pre-bottom.svg]
[harmony-ai.app/assets/img/security/bg-start-sec.svg]
